#
# There is insufficient memory for the Java Runtime Environment to continue.
# Native memory allocation (malloc) failed to allocate 1048576 bytes for AllocateHeap
# Possible reasons:
#   The system is out of physical RAM or swap space
#   In 32 bit mode, the process size limit was hit
# Possible solutions:
#   Reduce memory load on the system
#   Increase physical memory or swap space
#   Check if swap backing store is full
#   Use 64 bit Java on a 64 bit OS
#   Decrease Java heap size (-Xmx/-Xms)
#   Decrease number of Java threads
#   Decrease Java thread stack sizes (-Xss)
#   Set larger code cache with -XX:ReservedCodeCacheSize=
# This output file may be truncated or incomplete.
#
#  Out of Memory Error (memory/allocation.inline.hpp:61), pid=6728, tid=0x0000000000001834
#
# JRE version:  (8.0_152-b16) (build )
# Java VM: Java HotSpot(TM) 64-Bit Server VM (25.152-b16 mixed mode windows-amd64 compressed oops)
# Failed to write core dump. Minidumps are not enabled by default on client versions of Windows
#

---------------  T H R E A D  ---------------

Current thread (0x0000000002e52800):  JavaThread "Unknown thread" [_thread_in_vm, id=6196, stack(0x0000000002980000,0x0000000002a80000)]

Stack: [0x0000000002980000,0x0000000002a80000]
[error occurred during error reporting (printing stack bounds), id 0xc0000005]

Native frames: (J=compiled Java code, j=interpreted, Vv=VM code, C=native code)


---------------  P R O C E S S  ---------------

Java Threads: ( => current thread )

Other Threads:

=>0x0000000002e52800 (exited) JavaThread "Unknown thread" [_thread_in_vm, id=6196, stack(0x0000000002980000,0x0000000002a80000)]

VM state:not at safepoint (normal execution)

VM Mutex/Monitor currently owned by a thread: None

Heap:
 PSYoungGen      total 4608K, used 81K [0x00000000ffb00000, 0x0000000100000000, 0x0000000100000000)
  eden space 4096K, 2% used [0x00000000ffb00000,0x00000000ffb147b8,0x00000000fff00000)
  from space 512K, 0% used [0x00000000fff80000,0x00000000fff80000,0x0000000100000000)
  to   space 512K, 0% used [0x00000000fff00000,0x00000000fff00000,0x00000000fff80000)
 ParOldGen       total 11264K, used 0K [0x00000000ff000000, 0x00000000ffb00000, 0x00000000ffb00000)
  object space 11264K, 0% used [0x00000000ff000000,0x00000000ff000000,0x00000000ffb00000)
 Metaspace       used 770K, capacity 4480K, committed 4480K, reserved 1056768K
  class space    used 75K, capacity 384K, committed 384K, reserved 1048576K

Card table byte_map: [0x00000000010a0000,0x00000000010b0000] byte_map_base: 0x00000000008a8000

Marking Bits: (ParMarkBitMap*) 0x000000006f9a0860
 Begin Bits: [0x0000000001130000, 0x0000000001170000)
 End Bits:   [0x0000000001170000, 0x00000000011b0000)

Polling page: 0x0000000000c70000

CodeCache: size=245760Kb used=328Kb max_used=328Kb free=245431Kb
 bounds [0x0000000002f50000, 0x00000000031c0000, 0x0000000011f50000]
 total_blobs=58 nmethods=0 adapters=38
 compilation: enabled

Compilation events (0 events):
No events

GC Heap History (0 events):
No events

Deoptimization events (0 events):
No events

Classes redefined (0 events):
No events

Internal exceptions (0 events):
No events

Events (10 events):
Event: 0.031 loading class java/lang/Short
Event: 0.031 loading class java/lang/Short done
Event: 0.031 loading class java/lang/Integer
Event: 0.031 loading class java/lang/Integer done
Event: 0.031 loading class java/lang/Long
Event: 0.031 loading class java/lang/Long done
Event: 0.032 loading class java/lang/NullPointerException
Event: 0.032 loading class java/lang/NullPointerException done
Event: 0.032 loading class java/lang/ArithmeticException
Event: 0.033 loading class java/lang/ArithmeticException done


Dynamic libraries:
0x00007ff7a5cd0000 - 0x00007ff7a5d07000 	D:\Java\jdk1.8.0_152\bin\javaw.exe
0x00007ff8e23f0000 - 0x00007ff8e25e8000 	C:\windows\SYSTEM32\ntdll.dll
0x00007ff8e1580000 - 0x00007ff8e163f000 	C:\windows\System32\KERNEL32.DLL
0x00007ff8dfc70000 - 0x00007ff8dff42000 	C:\windows\System32\KERNELBASE.dll
0x00007ff8e1aa0000 - 0x00007ff8e1b4e000 	C:\windows\System32\ADVAPI32.dll
0x00007ff8e0460000 - 0x00007ff8e04fe000 	C:\windows\System32\msvcrt.dll
0x00007ff8e1d20000 - 0x00007ff8e1dbc000 	C:\windows\System32\sechost.dll
0x00007ff8e1910000 - 0x00007ff8e1a34000 	C:\windows\System32\RPCRT4.dll
0x00007ff8e1760000 - 0x00007ff8e1901000 	C:\windows\System32\USER32.dll
0x00007ff8dfc40000 - 0x00007ff8dfc62000 	C:\windows\System32\win32u.dll
0x00007ff8e0500000 - 0x00007ff8e052b000 	C:\windows\System32\GDI32.dll
0x00007ff8dffc0000 - 0x00007ff8e00cf000 	C:\windows\System32\gdi32full.dll
0x00007ff8dfba0000 - 0x00007ff8dfc3d000 	C:\windows\System32\msvcp_win.dll
0x00007ff8e00d0000 - 0x00007ff8e01d0000 	C:\windows\System32\ucrtbase.dll
0x00007ff8cf640000 - 0x00007ff8cf8da000 	C:\windows\WinSxS\amd64_microsoft.windows.common-controls_6595b64144ccf1df_6.0.19041.1110_none_60b5254171f9507e\COMCTL32.dll
0x00007ff8e1dc0000 - 0x00007ff8e1df0000 	C:\windows\System32\IMM32.DLL
0x000000006fa20000 - 0x000000006faf2000 	D:\Java\jdk1.8.0_152\jre\bin\msvcr100.dll
0x000000006f180000 - 0x000000006fa20000 	D:\Java\jdk1.8.0_152\jre\bin\server\jvm.dll
0x00007ff8e1b50000 - 0x00007ff8e1b58000 	C:\windows\System32\PSAPI.DLL
0x00007ff8d4ec0000 - 0x00007ff8d4ee7000 	C:\windows\SYSTEM32\WINMM.dll
0x00007ff8cf5b0000 - 0x00007ff8cf5b9000 	C:\windows\SYSTEM32\WSOCK32.dll
0x00007ff8d76b0000 - 0x00007ff8d76ba000 	C:\windows\SYSTEM32\VERSION.dll
0x00007ff8e1bd0000 - 0x00007ff8e1c3b000 	C:\windows\System32\WS2_32.dll
0x000000006f170000 - 0x000000006f17f000 	D:\Java\jdk1.8.0_152\jre\bin\verify.dll
0x000000006f140000 - 0x000000006f169000 	D:\Java\jdk1.8.0_152\jre\bin\java.dll
0x000000006f120000 - 0x000000006f136000 	D:\Java\jdk1.8.0_152\jre\bin\zip.dll

VM Arguments:
jvm_args: -Xmx16m 
java_command: org.eclipse.jdt.internal.launching.support.LibraryDetector
java_class_path (initial): C:\Users\Administrator\AppData\Roaming\Trae CN\User\globalStorage\redhat.java\1.54.0\config_ss_win\org.eclipse.osgi\39\0\.cp\lib\launchingsupport.jar
Launcher Type: SUN_STANDARD

Environment Variables:
JAVA_HOME=D:\Java\jdk1.8.0_152
PATH=C:\Users\Administrator\.trae-cn\tools\gradle\latest\bin;c:\Users\Administrator\.trae-cn\tools\trae-gopls\current;c:\Users\Administrator\.trae-cn\sdks\workspaces\543fc662\versions\node\current;c:\Users\Administrator\.trae-cn\sdks\versions\node\current;C:\windows\system32;C:\windows;C:\windows\System32\Wbem;C:\windows\System32\WindowsPowerShell\v1.0\;C:\windows\System32\OpenSSH\;C:\Program Files (x86)\Yozosoft\Yozo_Office\Lib\xuggler\bin;C:\Program Files (x86)\NVIDIA Corporation\PhysX\Common;D:\Program Files\Git\cmd;C:\Users\Administrator\AppData\Local\Android\Sdk\platform-tools;C:\Users\Administrator\AppData\Local\Microsoft\WindowsApps;D:\Java\jdk1.8.0_152\bin;D:\Program Files\Git\bin;D:\develope\Microsoft VS Code\bin;D:\flutter\flutter\bin;;d:\Users\Administrator\AppData\Local\Programs\Trae CN\resources\app\bin\lib
USERNAME=Administrator
OS=Windows_NT
PROCESSOR_IDENTIFIER=Intel64 Family 6 Model 60 Stepping 3, GenuineIntel



---------------  S Y S T E M  ---------------

OS: Windows 10.0 , 64 bit Build 19041 (10.0.19041.2546)

CPU:total 8 (initial active 8) (4 cores per cpu, 2 threads per core) family 6 model 60 stepping 3, cmov, cx8, fxsr, mmx, sse, sse2, sse3, ssse3, sse4.1, sse4.2, popcnt, avx, avx2, aes, clmul, erms, lzcnt, ht, tsc, tscinvbit, bmi1, bmi2

Memory: 4k page, physical 8208468k(549424k free), swap 33374292k(368k free)

vm_info: Java HotSpot(TM) 64-Bit Server VM (25.152-b16) for windows-amd64 JRE (1.8.0_152-b16), built on Sep 14 2017 02:29:36 by "java_re" with MS VC++ 10.0 (VS2010)

time: Sat May 16 15:13:01 2026
elapsed time: 0 seconds (0d 0h 0m 0s)

