#
# There is insufficient memory for the Java Runtime Environment to continue.
# Native memory allocation (malloc) failed to allocate 32744 bytes. Error detail: Chunk::new
# Possible reasons:
#   The system is out of physical RAM or swap space
#   This process is running with CompressedOops enabled, and the Java Heap may be blocking the growth of the native heap
# Possible solutions:
#   Reduce memory load on the system
#   Increase physical memory or swap space
#   Check if swap backing store is full
#   Decrease Java heap size (-Xmx/-Xms)
#   Decrease number of Java threads
#   Decrease Java thread stack sizes (-Xss)
#   Set larger code cache with -XX:ReservedCodeCacheSize=
#   JVM is running with Unscaled Compressed Oops mode in which the Java heap is
#     placed in the first 4GB address space. The Java Heap base address is the
#     maximum limit for the native heap growth. Please use -XX:HeapBaseMinAddress
#     to set the Java Heap base and to place the Java Heap above 4GB virtual address.
# This output file may be truncated or incomplete.
#
#  Out of Memory Error (arena.cpp:168), pid=14216, tid=16392
#
# JRE version: OpenJDK Runtime Environment Temurin-21.0.10+7 (21.0.10+7) (build 21.0.10+7-LTS)
# Java VM: OpenJDK 64-Bit Server VM Temurin-21.0.10+7 (21.0.10+7-LTS, mixed mode, sharing, tiered, compressed oops, compressed class ptrs, parallel gc, windows-amd64)
# No core dump will be written. Minidumps are not enabled by default on client versions of Windows
#

---------------  S U M M A R Y ------------

Command Line: --add-modules=ALL-SYSTEM --add-opens=java.base/java.util=ALL-UNNAMED --add-opens=java.base/java.lang=ALL-UNNAMED --add-opens=java.base/sun.nio.fs=ALL-UNNAMED -Declipse.application=org.eclipse.jdt.ls.core.id1 -Dosgi.bundles.defaultStartLevel=4 -Declipse.product=org.eclipse.jdt.ls.core.product -Djava.import.generatesMetadataFilesAtProjectRoot=false -DDetectVMInstallationsJob.disabled=true -Dfile.encoding=utf8 -XX:+UseParallelGC -XX:GCTimeRatio=4 -XX:AdaptiveSizePolicyWeight=90 -Dsun.zip.disableMemoryMapping=true -Xmx2G -Xms100m -Xlog:disable -javaagent:c:\Users\Administrator\.trae-cn\extensions\redhat.java-1.54.0-win32-x64\lombok\lombok-1.18.39-4050.jar -XX:+HeapDumpOnOutOfMemoryError -XX:HeapDumpPath=c:\Users\Administrator\AppData\Roaming\Trae CN\User\workspaceStorage\543fc66206ec371e1912eed0bcbd943b\redhat.java -Daether.dependencyCollector.impl=bf c:\Users\Administrator\.trae-cn\extensions\redhat.java-1.54.0-win32-x64\server\plugins\org.eclipse.equinox.launcher_1.7.100.v20251111-0406.jar -configuration c:\Users\Administrator\AppData\Roaming\Trae CN\User\globalStorage\redhat.java\1.54.0\config_win -data c:\Users\Administrator\AppData\Roaming\Trae CN\User\workspaceStorage\543fc66206ec371e1912eed0bcbd943b\redhat.java\jdt_ws --pipe=\\.\pipe\lsp-527dc73a44e88f05fe084ce6e1e69b16-sock

Host: Intel(R) Core(TM) i7-4710MQ CPU @ 2.50GHz, 8 cores, 7G,  Windows 10 , 64 bit Build 19041 (10.0.19041.2546)
Time: Sat May 16 15:15:17 2026 elapsed time: 132.138118 seconds (0d 0h 2m 12s)

---------------  T H R E A D  ---------------

Current thread (0x000001d1caa3f7a0):  JavaThread "C2 CompilerThread2" daemon [_thread_in_native, id=16392, stack(0x000000a2d5c00000,0x000000a2d5d00000) (1024K)]


Current CompileTask:
C2:132138 15526       4       lombok.eclipse.handlers.EclipseHandlerUtil::setGeneratedBy (10 bytes)

Stack: [0x000000a2d5c00000,0x000000a2d5d00000]
Native frames: (J=compiled Java code, j=interpreted, Vv=VM code, C=native code)
V  [jvm.dll+0x6d7a39]
V  [jvm.dll+0x8b4b26]
V  [jvm.dll+0x8b70de]
V  [jvm.dll+0x8b77c3]
V  [jvm.dll+0x284346]
V  [jvm.dll+0xc66ed]
V  [jvm.dll+0xc6c31]
V  [jvm.dll+0x3c3ea5]
V  [jvm.dll+0x3bec6e]
V  [jvm.dll+0x38b162]
V  [jvm.dll+0x38a5aa]
V  [jvm.dll+0x24c560]
V  [jvm.dll+0x24bb40]
V  [jvm.dll+0x1cb34e]
V  [jvm.dll+0x25b85d]
V  [jvm.dll+0x259dea]
V  [jvm.dll+0x3f857e]
V  [jvm.dll+0x85f59d]
V  [jvm.dll+0x6d626d]
C  [ucrtbase.dll+0x21bb2]
C  [KERNEL32.DLL+0x17614]
C  [ntdll.dll+0x526a1]


---------------  P R O C E S S  ---------------

Threads class SMR info:
_java_thread_list=0x000001d1d30c56d0, length=59, elements={
0x000001d1e972cb80, 0x000001d1fdf9f5d0, 0x000001d1fdfa0980, 0x000001d1fdfa3fc0,
0x000001d1fdfa4a20, 0x000001d1fdfa7850, 0x000001d1fdfa8a50, 0x000001d1fdfb02f0,
0x000001d1fdfb2940, 0x000001d1ffbbf560, 0x000001d1ffbc5260, 0x000001d1c99e32a0,
0x000001d1c9d11730, 0x000001d1c9d110a0, 0x000001d1c9d0efd0, 0x000001d1c9d10380,
0x000001d1c9d10a10, 0x000001d1c9d12450, 0x000001d1ca5a4f40, 0x000001d1ca5a7010,
0x000001d1ca5a55d0, 0x000001d1ca5a1430, 0x000001d1ca5a0710, 0x000001d1ca5a3b90,
0x000001d1ca5a5c60, 0x000001d1ca5a62f0, 0x000001d1ca5a6980, 0x000001d1ca5a2150,
0x000001d1ca5a0080, 0x000001d1ca5a0da0, 0x000001d1ca5a76a0, 0x000001d1ca5a27e0,
0x000001d1ca5a2e70, 0x000001d1ca5a3500, 0x000001d1cc210580, 0x000001d1cc213a00,
0x000001d1cc20eb40, 0x000001d1cc212650, 0x000001d1cc20de20, 0x000001d1cc215440,
0x000001d1cc20e4b0, 0x000001d1c9d11dc0, 0x000001d1c9d0f660, 0x000001d1ca5a4220,
0x000001d1ca5a48b0, 0x000001d1cadb4e50, 0x000001d1cadb4130, 0x000001d1cadb47c0,
0x000001d1cadb2d80, 0x000001d1cadb3410, 0x000001d1cadb3aa0, 0x000001d1caa3f0d0,
0x000001d1caa3f7a0, 0x000001d1c9770d80, 0x000001d1c97706f0, 0x000001d1c97727c0,
0x000001d1c9771aa0, 0x000001d1c9772130, 0x000001d1c976f340
}

Java Threads: ( => current thread )
  0x000001d1e972cb80 JavaThread "main"                              [_thread_blocked, id=15196, stack(0x000000a2d5d00000,0x000000a2d5e00000) (1024K)]
  0x000001d1fdf9f5d0 JavaThread "Reference Handler"          daemon [_thread_blocked, id=7352, stack(0x000000a2d6100000,0x000000a2d6200000) (1024K)]
  0x000001d1fdfa0980 JavaThread "Finalizer"                  daemon [_thread_blocked, id=6320, stack(0x000000a2d6200000,0x000000a2d6300000) (1024K)]
  0x000001d1fdfa3fc0 JavaThread "Signal Dispatcher"          daemon [_thread_blocked, id=16416, stack(0x000000a2d6300000,0x000000a2d6400000) (1024K)]
  0x000001d1fdfa4a20 JavaThread "Attach Listener"            daemon [_thread_blocked, id=18308, stack(0x000000a2d6400000,0x000000a2d6500000) (1024K)]
  0x000001d1fdfa7850 JavaThread "Service Thread"             daemon [_thread_blocked, id=7752, stack(0x000000a2d6500000,0x000000a2d6600000) (1024K)]
  0x000001d1fdfa8a50 JavaThread "Monitor Deflation Thread"   daemon [_thread_blocked, id=10856, stack(0x000000a2d6600000,0x000000a2d6700000) (1024K)]
  0x000001d1fdfb02f0 JavaThread "C2 CompilerThread0"         daemon [_thread_in_native, id=8620, stack(0x000000a2d6700000,0x000000a2d6800000) (1024K)]
  0x000001d1fdfb2940 JavaThread "C1 CompilerThread0"         daemon [_thread_blocked, id=4476, stack(0x000000a2d6800000,0x000000a2d6900000) (1024K)]
  0x000001d1ffbbf560 JavaThread "Common-Cleaner"             daemon [_thread_blocked, id=15640, stack(0x000000a2d6900000,0x000000a2d6a00000) (1024K)]
  0x000001d1ffbc5260 JavaThread "Notification Thread"        daemon [_thread_blocked, id=2412, stack(0x000000a2d6b00000,0x000000a2d6c00000) (1024K)]
  0x000001d1c99e32a0 JavaThread "Active Thread: Equinox Container: a3448afd-6f22-4356-bb46-af3b6cbea905"        [_thread_blocked, id=21328, stack(0x000000a2d7900000,0x000000a2d7a00000) (1024K)]
  0x000001d1c9d11730 JavaThread "Framework Event Dispatcher: Equinox Container: a3448afd-6f22-4356-bb46-af3b6cbea905" daemon [_thread_blocked, id=3228, stack(0x000000a2d7a00000,0x000000a2d7b00000) (1024K)]
  0x000001d1c9d110a0 JavaThread "Start Level: Equinox Container: a3448afd-6f22-4356-bb46-af3b6cbea905" daemon [_thread_blocked, id=4572, stack(0x000000a2d7c00000,0x000000a2d7d00000) (1024K)]
  0x000001d1c9d0efd0 JavaThread "Bundle File Closer"         daemon [_thread_blocked, id=1956, stack(0x000000a2d7d00000,0x000000a2d7e00000) (1024K)]
  0x000001d1c9d10380 JavaThread "Refresh Thread: Equinox Container: a3448afd-6f22-4356-bb46-af3b6cbea905" daemon [_thread_blocked, id=5532, stack(0x000000a2d7e00000,0x000000a2d7f00000) (1024K)]
  0x000001d1c9d10a10 JavaThread "SCR Component Actor"        daemon [_thread_blocked, id=6704, stack(0x000000a2d8100000,0x000000a2d8200000) (1024K)]
  0x000001d1c9d12450 JavaThread "Worker-JM"                         [_thread_blocked, id=13524, stack(0x000000a2d8200000,0x000000a2d8300000) (1024K)]
  0x000001d1ca5a4f40 JavaThread "Java indexing"              daemon [_thread_blocked, id=2484, stack(0x000000a2d6c00000,0x000000a2d6d00000) (1024K)]
  0x000001d1ca5a7010 JavaThread "JNA Cleaner"                daemon [_thread_blocked, id=21300, stack(0x000000a2d8600000,0x000000a2d8700000) (1024K)]
  0x000001d1ca5a55d0 JavaThread "Worker-3: Check JDK Index"         [_thread_blocked, id=17020, stack(0x000000a2d8a00000,0x000000a2d8b00000) (1024K)]
  0x000001d1ca5a1430 JavaThread "Worker-4"                          [_thread_blocked, id=584, stack(0x000000a2d8b00000,0x000000a2d8c00000) (1024K)]
  0x000001d1ca5a0710 JavaThread "Worker-5"                          [_thread_blocked, id=12844, stack(0x000000a2d8c00000,0x000000a2d8d00000) (1024K)]
  0x000001d1ca5a3b90 JavaThread "Thread-1"                   daemon [_thread_in_native, id=19520, stack(0x000000a2d8d00000,0x000000a2d8e00000) (1024K)]
  0x000001d1ca5a5c60 JavaThread "Thread-2"                   daemon [_thread_in_native, id=2976, stack(0x000000a2d8e00000,0x000000a2d8f00000) (1024K)]
  0x000001d1ca5a62f0 JavaThread "Thread-3"                   daemon [_thread_in_native, id=2472, stack(0x000000a2d8f00000,0x000000a2d9000000) (1024K)]
  0x000001d1ca5a6980 JavaThread "Thread-4"                   daemon [_thread_in_native, id=20296, stack(0x000000a2d9000000,0x000000a2d9100000) (1024K)]
  0x000001d1ca5a2150 JavaThread "Thread-5"                   daemon [_thread_in_native, id=18024, stack(0x000000a2d9100000,0x000000a2d9200000) (1024K)]
  0x000001d1ca5a0080 JavaThread "Thread-6"                   daemon [_thread_in_native, id=9452, stack(0x000000a2d9200000,0x000000a2d9300000) (1024K)]
  0x000001d1ca5a0da0 JavaThread "Thread-7"                   daemon [_thread_in_native, id=13340, stack(0x000000a2d9300000,0x000000a2d9400000) (1024K)]
  0x000001d1ca5a76a0 JavaThread "Thread-8"                   daemon [_thread_in_native, id=11188, stack(0x000000a2d9400000,0x000000a2d9500000) (1024K)]
  0x000001d1ca5a27e0 JavaThread "Thread-9"                   daemon [_thread_in_native, id=10664, stack(0x000000a2d9500000,0x000000a2d9600000) (1024K)]
  0x000001d1ca5a2e70 JavaThread "pool-2-thread-1"                   [_thread_blocked, id=10804, stack(0x000000a2d9600000,0x000000a2d9700000) (1024K)]
  0x000001d1ca5a3500 JavaThread "WorkspaceEventsHandler"            [_thread_blocked, id=2532, stack(0x000000a2d9700000,0x000000a2d9800000) (1024K)]
  0x000001d1cc210580 JavaThread "pool-1-thread-1"                   [_thread_blocked, id=17936, stack(0x000000a2d9800000,0x000000a2d9900000) (1024K)]
  0x000001d1cc213a00 JavaThread "Worker-6"                          [_thread_blocked, id=6872, stack(0x000000a2d5a00000,0x000000a2d5b00000) (1024K)]
  0x000001d1cc20eb40 JavaThread "Worker-7: Java indexing... "        [_thread_blocked, id=9284, stack(0x000000a2d7500000,0x000000a2d7600000) (1024K)]
  0x000001d1cc212650 JavaThread "Worker-8: Initialize workspace"        [_thread_in_vm, id=12332, stack(0x000000a2d6a00000,0x000000a2d6b00000) (1024K)]
  0x000001d1cc20de20 JavaThread "Compiler Source File Reader" daemon [_thread_blocked, id=19740, stack(0x000000a2d7300000,0x000000a2d7400000) (1024K)]
  0x000001d1cc215440 JavaThread "Compiler Source File Reader" daemon [_thread_blocked, id=16204, stack(0x000000a2d7400000,0x000000a2d7500000) (1024K)]
  0x000001d1cc20e4b0 JavaThread "Compiler Source File Reader" daemon [_thread_blocked, id=20196, stack(0x000000a2d7600000,0x000000a2d7700000) (1024K)]
  0x000001d1c9d11dc0 JavaThread "Compiler Source File Reader" daemon [_thread_blocked, id=16688, stack(0x000000a2d7700000,0x000000a2d7800000) (1024K)]
  0x000001d1c9d0f660 JavaThread "Compiler Source File Reader" daemon [_thread_blocked, id=10288, stack(0x000000a2d7800000,0x000000a2d7900000) (1024K)]
  0x000001d1ca5a4220 JavaThread "Compiler Source File Reader" daemon [_thread_blocked, id=11464, stack(0x000000a2d7f00000,0x000000a2d8000000) (1024K)]
  0x000001d1ca5a48b0 JavaThread "Compiler Processing Task"   daemon [_thread_blocked, id=18208, stack(0x000000a2d8000000,0x000000a2d8100000) (1024K)]
  0x000001d1cadb4e50 JavaThread "Compiler Class File Writer" daemon [_thread_blocked, id=16552, stack(0x000000a2d8300000,0x000000a2d8400000) (1024K)]
  0x000001d1cadb4130 JavaThread "Compiler Class File Writer" daemon [_thread_blocked, id=11900, stack(0x000000a2d8400000,0x000000a2d8500000) (1024K)]
  0x000001d1cadb47c0 JavaThread "Compiler Class File Writer" daemon [_thread_blocked, id=21348, stack(0x000000a2d8500000,0x000000a2d8600000) (1024K)]
  0x000001d1cadb2d80 JavaThread "Compiler Class File Writer" daemon [_thread_blocked, id=12824, stack(0x000000a2d8700000,0x000000a2d8800000) (1024K)]
  0x000001d1cadb3410 JavaThread "Compiler Class File Writer" daemon [_thread_blocked, id=10772, stack(0x000000a2d9a00000,0x000000a2d9b00000) (1024K)]
  0x000001d1cadb3aa0 JavaThread "Compiler Class File Writer" daemon [_thread_blocked, id=16272, stack(0x000000a2d9b00000,0x000000a2d9c00000) (1024K)]
  0x000001d1caa3f0d0 JavaThread "C2 CompilerThread1"         daemon [_thread_in_native, id=19972, stack(0x000000a2d5b00000,0x000000a2d5c00000) (1024K)]
=>0x000001d1caa3f7a0 JavaThread "C2 CompilerThread2"         daemon [_thread_in_native, id=16392, stack(0x000000a2d5c00000,0x000000a2d5d00000) (1024K)]
  0x000001d1c9770d80 JavaThread "ForkJoinPool.commonPool-worker-1" daemon [_thread_blocked, id=18192, stack(0x000000a2d9c00000,0x000000a2d9d00000) (1024K)]
  0x000001d1c97706f0 JavaThread "ForkJoinPool.commonPool-worker-2" daemon [_thread_blocked, id=21240, stack(0x000000a2d9d00000,0x000000a2d9e00000) (1024K)]
  0x000001d1c97727c0 JavaThread "ForkJoinPool.commonPool-worker-3" daemon [_thread_blocked, id=1108, stack(0x000000a2d9e00000,0x000000a2d9f00000) (1024K)]
  0x000001d1c9771aa0 JavaThread "ForkJoinPool.commonPool-worker-4" daemon [_thread_blocked, id=20884, stack(0x000000a2d9f00000,0x000000a2da000000) (1024K)]
  0x000001d1c9772130 JavaThread "ForkJoinPool.commonPool-worker-5" daemon [_thread_blocked, id=18232, stack(0x000000a2da000000,0x000000a2da100000) (1024K)]
  0x000001d1c976f340 JavaThread "ForkJoinPool.commonPool-worker-6" daemon [_thread_blocked, id=17416, stack(0x000000a2da100000,0x000000a2da200000) (1024K)]
Total: 59

Other Threads:
  0x000001d1fdf81120 VMThread "VM Thread"                           [id=2876, stack(0x000000a2d6000000,0x000000a2d6100000) (1024K)] _threads_hazard_ptr=0x000001d1d30c56d0
  0x000001d1fde71c40 WatcherThread "VM Periodic Task Thread"        [id=8100, stack(0x000000a2d5f00000,0x000000a2d6000000) (1024K)]
  0x000001d1e974b480 WorkerThread "GC Thread#0"                     [id=13276, stack(0x000000a2d5e00000,0x000000a2d5f00000) (1024K)]
  0x000001d1c97fe8b0 WorkerThread "GC Thread#1"                     [id=13792, stack(0x000000a2d6d00000,0x000000a2d6e00000) (1024K)]
  0x000001d1c97fe500 WorkerThread "GC Thread#2"                     [id=20612, stack(0x000000a2d6e00000,0x000000a2d6f00000) (1024K)]
  0x000001d1c97fcee0 WorkerThread "GC Thread#3"                     [id=15324, stack(0x000000a2d6f00000,0x000000a2d7000000) (1024K)]
  0x000001d1c97fd290 WorkerThread "GC Thread#4"                     [id=16932, stack(0x000000a2d7000000,0x000000a2d7100000) (1024K)]
  0x000001d1c97fd640 WorkerThread "GC Thread#5"                     [id=10396, stack(0x000000a2d7100000,0x000000a2d7200000) (1024K)]
  0x000001d1c97fd9f0 WorkerThread "GC Thread#6"                     [id=1088, stack(0x000000a2d7200000,0x000000a2d7300000) (1024K)]
  0x000001d1c97fe150 WorkerThread "GC Thread#7"                     [id=17980, stack(0x000000a2d7b00000,0x000000a2d7c00000) (1024K)]
Total: 10

Threads with active compile tasks:
C2 CompilerThread0  132212 15527   !   4       lombok.core.FieldAugment$ReflectionFieldAugment::getAndSet (80 bytes)
C1 CompilerThread0  132212 16222 %     3       org.eclipse.jdt.internal.compiler.classfmt.ModuleInfo::readModuleAttribute @ 851 (1166 bytes)
C2 CompilerThread1  132212 15939       4       java.lang.reflect.Field::set (43 bytes)
C2 CompilerThread2  132212 15526       4       lombok.eclipse.handlers.EclipseHandlerUtil::setGeneratedBy (10 bytes)
Total: 4

VM state: synchronizing (normal execution)

VM Mutex/Monitor currently owned by a thread:  ([mutex/lock_event])
[0x00007ff8851ae560] Threads_lock - owner thread: 0x000001d1fdf81120
[0x00007ff8851ae660] Heap_lock - owner thread: 0x000001d1ca5a4f40

Heap address: 0x0000000080000000, size: 2048 MB, Compressed Oops mode: 32-bit

CDS archive(s) mapped at: [0x000001d184000000-0x000001d184ba0000-0x000001d184ba0000), size 12189696, SharedBaseAddress: 0x000001d184000000, ArchiveRelocationMode: 1.
Compressed class space mapped at: 0x000001d185000000-0x000001d1c5000000, reserved size: 1073741824
Narrow klass base: 0x000001d184000000, Narrow klass shift: 0, Narrow klass range: 0x100000000

GC Precious Log:
 CardTable entry size: 512
 CPUs: 8 total, 8 available
 Memory: 8016M
 Large Page Support: Disabled
 NUMA Support: Disabled
 Compressed Oops: Enabled (32-bit)
 Alignments: Space 512K, Generation 512K, Heap 2M
 Heap Min Capacity: 100M
 Heap Initial Capacity: 100M
 Heap Max Capacity: 2G
 Pre-touch: Disabled
 Parallel Workers: 8

Heap:
 PSYoungGen      total 4096K, used 3744K [0x00000000d5580000, 0x00000000d5a80000, 0x0000000100000000)
  eden space 3072K, 100% used [0x00000000d5580000,0x00000000d5880000,0x00000000d5880000)
  from space 1024K, 65% used [0x00000000d5980000,0x00000000d5a28020,0x00000000d5a80000)
  to   space 1024K, 0% used [0x00000000d5880000,0x00000000d5880000,0x00000000d5980000)
 ParOldGen       total 454656K, used 454651K [0x0000000080000000, 0x000000009bc00000, 0x00000000d5580000)
  object space 454656K, 99% used [0x0000000080000000,0x000000009bbfeea0,0x000000009bc00000)
 Metaspace       used 76328K, committed 77888K, reserved 1179648K
  class space    used 8034K, committed 8704K, reserved 1048576K

Card table byte_map: [0x000001d1fd300000,0x000001d1fd710000] _byte_map_base: 0x000001d1fcf00000

Marking Bits: (ParMarkBitMap*) 0x00007ff8851b3450
 Begin Bits: [0x000001d180000000, 0x000001d182000000)
 End Bits:   [0x000001d182000000, 0x000001d184000000)

Polling page: 0x000001d1e9800000

Metaspace:

Usage:
  Non-class:     66.69 MB used.
      Class:      7.85 MB used.
       Both:     74.54 MB used.

Virtual space:
  Non-class space:      128.00 MB reserved,      67.56 MB ( 53%) committed,  2 nodes.
      Class space:        1.00 GB reserved,       8.50 MB ( <1%) committed,  1 nodes.
             Both:        1.12 GB reserved,      76.06 MB (  7%) committed. 

Chunk freelists:
   Non-Class:  12.47 MB
       Class:  7.50 MB
        Both:  19.97 MB

MaxMetaspaceSize: unlimited
CompressedClassSpaceSize: 1.00 GB
Initial GC threshold: 21.00 MB
Current GC threshold: 97.31 MB
CDS: on
 - commit_granule_bytes: 65536.
 - commit_granule_words: 8192.
 - virtual_space_node_default_size: 8388608.
 - enlarge_chunks_in_place: 1.
 - use_allocation_guard: 0.


Internal statistics:

num_allocs_failed_limit: 9.
num_arena_births: 1384.
num_arena_deaths: 52.
num_vsnodes_births: 3.
num_vsnodes_deaths: 0.
num_space_committed: 1217.
num_space_uncommitted: 0.
num_chunks_returned_to_freelist: 79.
num_chunks_taken_from_freelist: 4781.
num_chunk_merges: 20.
num_chunk_splits: 2932.
num_chunks_enlarged: 1736.
num_inconsistent_stats: 0.

CodeHeap 'non-profiled nmethods': size=120000Kb used=11762Kb max_used=11762Kb free=108237Kb
 bounds [0x000001d1f5be0000, 0x000001d1f6760000, 0x000001d1fd110000]
CodeHeap 'profiled nmethods': size=120000Kb used=34411Kb max_used=34411Kb free=85588Kb
 bounds [0x000001d1ee110000, 0x000001d1f02b0000, 0x000001d1f5640000]
CodeHeap 'non-nmethods': size=5760Kb used=1493Kb max_used=1570Kb free=4266Kb
 bounds [0x000001d1f5640000, 0x000001d1f58b0000, 0x000001d1f5be0000]
CodeCache: size=245760Kb, used=47666Kb, max_used=47743Kb, free=198091Kb
 total_blobs=16144, nmethods=15335, adapters=714, full_count=0
Compilation: enabled, stopped_count=0, restarted_count=0

Compilation events (20 events):
Event: 132.015 Thread 0x000001d1fdfb2940 16199       2       org.eclipse.jdt.internal.core.SourceMethodElementInfo::getExtendedChildren (18 bytes)
Event: 132.016 Thread 0x000001d1fdfb2940 nmethod 16199 0x000001d1f02a5d10 code [0x000001d1f02a5ea0, 0x000001d1f02a5fb8]
Event: 132.016 Thread 0x000001d1fdfb2940 16201       2       org.eclipse.jdt.internal.core.CompilationUnit::getPerWorkingCopyInfo (11 bytes)
Event: 132.016 Thread 0x000001d1fdfb2940 nmethod 16201 0x000001d1f02a6090 code [0x000001d1f02a6240, 0x000001d1f02a63a0]
Event: 132.026 Thread 0x000001d1fdfb2940 16208       2       org.eclipse.core.internal.jobs.JobQueue::canOvertake (69 bytes)
Event: 132.026 Thread 0x000001d1fdfb2940 nmethod 16208 0x000001d1f02a6490 code [0x000001d1f02a6660, 0x000001d1f02a68e8]
Event: 132.031 Thread 0x000001d1fdfb2940 16209   !   3       org.eclipse.jdt.ls.core.internal.CancellableProgressMonitor::isCanceled (33 bytes)
Event: 132.032 Thread 0x000001d1fdfb2940 nmethod 16209 0x000001d1f02a6a10 code [0x000001d1f02a6c20, 0x000001d1f02a7418]
Event: 132.045 Thread 0x000001d1fdfb2940 16210       3       java.lang.Class::getDeclaredFields (27 bytes)
Event: 132.045 Thread 0x000001d1fdfb2940 nmethod 16210 0x000001d1f02a7710 code [0x000001d1f02a78e0, 0x000001d1f02a7b48]
Event: 132.047 Thread 0x000001d1fdfb2940 16211       2       java.lang.StringUTF16::compareToCI (16 bytes)
Event: 132.047 Thread 0x000001d1fdfb2940 nmethod 16211 0x000001d1f02a7c90 code [0x000001d1f02a7e40, 0x000001d1f02a7f70]
Event: 132.101 Thread 0x000001d1fdfb2940 16212   !   2       java.lang.ref.Reference::processPendingReferences (118 bytes)
Event: 132.101 Thread 0x000001d1fdfb2940 nmethod 16212 0x000001d1f02a8090 code [0x000001d1f02a82a0, 0x000001d1f02a8880]
Event: 132.113 Thread 0x000001d1fdfb2940 16214       2       java.util.Spliterators$ArraySpliterator::tryAdvance (58 bytes)
Event: 132.114 Thread 0x000001d1fdfb2940 nmethod 16214 0x000001d1f02a8b10 code [0x000001d1f02a8ce0, 0x000001d1f02a8f60]
Event: 132.114 Thread 0x000001d1fdfb2940 16215       2       org.eclipse.jdt.core.JavaCore::newLibraryEntry (163 bytes)
Event: 132.115 Thread 0x000001d1fdfb2940 nmethod 16215 0x000001d1f02a9090 code [0x000001d1f02a9300, 0x000001d1f02a9ae8]
Event: 132.133 Thread 0x000001d1fdfb2940 16217       2       java.lang.reflect.Field::hashCode (19 bytes)
Event: 132.134 Thread 0x000001d1fdfb2940 nmethod 16217 0x000001d1f02a9f90 code [0x000001d1f02aa160, 0x000001d1f02aa2f8]

GC Heap History (20 events):
Event: 131.878 GC heap before
{Heap before GC invocations=535 (full 3):
 PSYoungGen      total 4096K, used 3739K [0x00000000d5580000, 0x00000000d5a80000, 0x0000000100000000)
  eden space 3072K, 99% used [0x00000000d5580000,0x00000000d587ffd0,0x00000000d5880000)
  from space 1024K, 65% used [0x00000000d5880000,0x00000000d5926f10,0x00000000d5980000)
  to   space 1024K, 0% used [0x00000000d5980000,0x00000000d5980000,0x00000000d5a80000)
 ParOldGen       total 451072K, used 450987K [0x0000000080000000, 0x000000009b880000, 0x00000000d5580000)
  object space 451072K, 99% used [0x0000000080000000,0x000000009b86af98,0x000000009b880000)
 Metaspace       used 75905K, committed 77440K, reserved 1179648K
  class space    used 8004K, committed 8704K, reserved 1048576K
}
Event: 131.880 GC heap after
{Heap after GC invocations=535 (full 3):
 PSYoungGen      total 4096K, used 521K [0x00000000d5580000, 0x00000000d5a80000, 0x0000000100000000)
  eden space 3072K, 0% used [0x00000000d5580000,0x00000000d5580000,0x00000000d5880000)
  from space 1024K, 50% used [0x00000000d5980000,0x00000000d5a027e0,0x00000000d5a80000)
  to   space 1024K, 0% used [0x00000000d5880000,0x00000000d5880000,0x00000000d5980000)
 ParOldGen       total 451584K, used 451375K [0x0000000080000000, 0x000000009b900000, 0x00000000d5580000)
  object space 451584K, 99% used [0x0000000080000000,0x000000009b8cbfc0,0x000000009b900000)
 Metaspace       used 75905K, committed 77440K, reserved 1179648K
  class space    used 8004K, committed 8704K, reserved 1048576K
}
Event: 131.899 GC heap before
{Heap before GC invocations=536 (full 3):
 PSYoungGen      total 4096K, used 3593K [0x00000000d5580000, 0x00000000d5a80000, 0x0000000100000000)
  eden space 3072K, 100% used [0x00000000d5580000,0x00000000d5880000,0x00000000d5880000)
  from space 1024K, 50% used [0x00000000d5980000,0x00000000d5a027e0,0x00000000d5a80000)
  to   space 1024K, 0% used [0x00000000d5880000,0x00000000d5880000,0x00000000d5980000)
 ParOldGen       total 451584K, used 451375K [0x0000000080000000, 0x000000009b900000, 0x00000000d5580000)
  object space 451584K, 99% used [0x0000000080000000,0x000000009b8cbfc0,0x000000009b900000)
 Metaspace       used 75905K, committed 77440K, reserved 1179648K
  class space    used 8004K, committed 8704K, reserved 1048576K
}
Event: 131.902 GC heap after
{Heap after GC invocations=536 (full 3):
 PSYoungGen      total 4096K, used 562K [0x00000000d5580000, 0x00000000d5a80000, 0x0000000100000000)
  eden space 3072K, 0% used [0x00000000d5580000,0x00000000d5580000,0x00000000d5880000)
  from space 1024K, 54% used [0x00000000d5880000,0x00000000d590cbb8,0x00000000d5980000)
  to   space 1024K, 0% used [0x00000000d5980000,0x00000000d5980000,0x00000000d5a80000)
 ParOldGen       total 452096K, used 451615K [0x0000000080000000, 0x000000009b980000, 0x00000000d5580000)
  object space 452096K, 99% used [0x0000000080000000,0x000000009b907fc0,0x000000009b980000)
 Metaspace       used 75905K, committed 77440K, reserved 1179648K
  class space    used 8004K, committed 8704K, reserved 1048576K
}
Event: 131.920 GC heap before
{Heap before GC invocations=537 (full 3):
 PSYoungGen      total 4096K, used 3634K [0x00000000d5580000, 0x00000000d5a80000, 0x0000000100000000)
  eden space 3072K, 100% used [0x00000000d5580000,0x00000000d5880000,0x00000000d5880000)
  from space 1024K, 54% used [0x00000000d5880000,0x00000000d590cbb8,0x00000000d5980000)
  to   space 1024K, 0% used [0x00000000d5980000,0x00000000d5980000,0x00000000d5a80000)
 ParOldGen       total 452096K, used 451615K [0x0000000080000000, 0x000000009b980000, 0x00000000d5580000)
  object space 452096K, 99% used [0x0000000080000000,0x000000009b907fc0,0x000000009b980000)
 Metaspace       used 75907K, committed 77440K, reserved 1179648K
  class space    used 8004K, committed 8704K, reserved 1048576K
}
Event: 131.925 GC heap after
{Heap after GC invocations=537 (full 3):
 PSYoungGen      total 3584K, used 480K [0x00000000d5580000, 0x00000000d5a00000, 0x0000000100000000)
  eden space 3072K, 0% used [0x00000000d5580000,0x00000000d5580000,0x00000000d5880000)
  from space 512K, 93% used [0x00000000d5980000,0x00000000d59f8000,0x00000000d5a00000)
  to   space 512K, 0% used [0x00000000d5900000,0x00000000d5900000,0x00000000d5980000)
 ParOldGen       total 452096K, used 451959K [0x0000000080000000, 0x000000009b980000, 0x00000000d5580000)
  object space 452096K, 99% used [0x0000000080000000,0x000000009b95dfc0,0x000000009b980000)
 Metaspace       used 75907K, committed 77440K, reserved 1179648K
  class space    used 8004K, committed 8704K, reserved 1048576K
}
Event: 131.939 GC heap before
{Heap before GC invocations=538 (full 3):
 PSYoungGen      total 3584K, used 3551K [0x00000000d5580000, 0x00000000d5a00000, 0x0000000100000000)
  eden space 3072K, 99% used [0x00000000d5580000,0x00000000d587ffc0,0x00000000d5880000)
  from space 512K, 93% used [0x00000000d5980000,0x00000000d59f8000,0x00000000d5a00000)
  to   space 512K, 0% used [0x00000000d5900000,0x00000000d5900000,0x00000000d5980000)
 ParOldGen       total 452096K, used 451959K [0x0000000080000000, 0x000000009b980000, 0x00000000d5580000)
  object space 452096K, 99% used [0x0000000080000000,0x000000009b95dfc0,0x000000009b980000)
 Metaspace       used 75907K, committed 77440K, reserved 1179648K
  class space    used 8004K, committed 8704K, reserved 1048576K
}
Event: 131.942 GC heap after
{Heap after GC invocations=538 (full 3):
 PSYoungGen      total 3584K, used 448K [0x00000000d5580000, 0x00000000d5a00000, 0x0000000100000000)
  eden space 3072K, 0% used [0x00000000d5580000,0x00000000d5580000,0x00000000d5880000)
  from space 512K, 87% used [0x00000000d5900000,0x00000000d5970000,0x00000000d5980000)
  to   space 512K, 0% used [0x00000000d5980000,0x00000000d5980000,0x00000000d5a00000)
 ParOldGen       total 452608K, used 452303K [0x0000000080000000, 0x000000009ba00000, 0x00000000d5580000)
  object space 452608K, 99% used [0x0000000080000000,0x000000009b9b3fc0,0x000000009ba00000)
 Metaspace       used 75907K, committed 77440K, reserved 1179648K
  class space    used 8004K, committed 8704K, reserved 1048576K
}
Event: 131.972 GC heap before
{Heap before GC invocations=539 (full 3):
 PSYoungGen      total 3584K, used 3519K [0x00000000d5580000, 0x00000000d5a00000, 0x0000000100000000)
  eden space 3072K, 99% used [0x00000000d5580000,0x00000000d587fef8,0x00000000d5880000)
  from space 512K, 87% used [0x00000000d5900000,0x00000000d5970000,0x00000000d5980000)
  to   space 512K, 0% used [0x00000000d5980000,0x00000000d5980000,0x00000000d5a00000)
 ParOldGen       total 452608K, used 452303K [0x0000000080000000, 0x000000009ba00000, 0x00000000d5580000)
  object space 452608K, 99% used [0x0000000080000000,0x000000009b9b3fc0,0x000000009ba00000)
 Metaspace       used 75907K, committed 77440K, reserved 1179648K
  class space    used 8004K, committed 8704K, reserved 1048576K
}
Event: 131.975 GC heap after
{Heap after GC invocations=539 (full 3):
 PSYoungGen      total 3584K, used 448K [0x00000000d5580000, 0x00000000d5a00000, 0x0000000100000000)
  eden space 3072K, 0% used [0x00000000d5580000,0x00000000d5580000,0x00000000d5880000)
  from space 512K, 87% used [0x00000000d5980000,0x00000000d59f0000,0x00000000d5a00000)
  to   space 512K, 0% used [0x00000000d5900000,0x00000000d5900000,0x00000000d5980000)
 ParOldGen       total 452608K, used 452607K [0x0000000080000000, 0x000000009ba00000, 0x00000000d5580000)
  object space 452608K, 99% used [0x0000000080000000,0x000000009b9fffc0,0x000000009ba00000)
 Metaspace       used 75907K, committed 77440K, reserved 1179648K
  class space    used 8004K, committed 8704K, reserved 1048576K
}
Event: 132.017 GC heap before
{Heap before GC invocations=540 (full 3):
 PSYoungGen      total 3584K, used 3520K [0x00000000d5580000, 0x00000000d5a00000, 0x0000000100000000)
  eden space 3072K, 100% used [0x00000000d5580000,0x00000000d5880000,0x00000000d5880000)
  from space 512K, 87% used [0x00000000d5980000,0x00000000d59f0000,0x00000000d5a00000)
  to   space 512K, 0% used [0x00000000d5900000,0x00000000d5900000,0x00000000d5980000)
 ParOldGen       total 452608K, used 452607K [0x0000000080000000, 0x000000009ba00000, 0x00000000d5580000)
  object space 452608K, 99% used [0x0000000080000000,0x000000009b9fffc0,0x000000009ba00000)
 Metaspace       used 75918K, committed 77504K, reserved 1179648K
  class space    used 8006K, committed 8704K, reserved 1048576K
}
Event: 132.020 GC heap after
{Heap after GC invocations=540 (full 3):
 PSYoungGen      total 3584K, used 384K [0x00000000d5580000, 0x00000000d5a00000, 0x0000000100000000)
  eden space 3072K, 0% used [0x00000000d5580000,0x00000000d5580000,0x00000000d5880000)
  from space 512K, 75% used [0x00000000d5900000,0x00000000d5960000,0x00000000d5980000)
  to   space 512K, 0% used [0x00000000d5980000,0x00000000d5980000,0x00000000d5a00000)
 ParOldGen       total 453120K, used 452863K [0x0000000080000000, 0x000000009ba80000, 0x00000000d5580000)
  object space 453120K, 99% used [0x0000000080000000,0x000000009ba3ffc0,0x000000009ba80000)
 Metaspace       used 75918K, committed 77504K, reserved 1179648K
  class space    used 8006K, committed 8704K, reserved 1048576K
}
Event: 132.034 GC heap before
{Heap before GC invocations=541 (full 3):
 PSYoungGen      total 3584K, used 3456K [0x00000000d5580000, 0x00000000d5a00000, 0x0000000100000000)
  eden space 3072K, 100% used [0x00000000d5580000,0x00000000d5880000,0x00000000d5880000)
  from space 512K, 75% used [0x00000000d5900000,0x00000000d5960000,0x00000000d5980000)
  to   space 512K, 0% used [0x00000000d5980000,0x00000000d5980000,0x00000000d5a00000)
 ParOldGen       total 453120K, used 452863K [0x0000000080000000, 0x000000009ba80000, 0x00000000d5580000)
  object space 453120K, 99% used [0x0000000080000000,0x000000009ba3ffc0,0x000000009ba80000)
 Metaspace       used 75941K, committed 77504K, reserved 1179648K
  class space    used 8011K, committed 8704K, reserved 1048576K
}
Event: 132.037 GC heap after
{Heap after GC invocations=541 (full 3):
 PSYoungGen      total 3584K, used 448K [0x00000000d5580000, 0x00000000d5a00000, 0x0000000100000000)
  eden space 3072K, 0% used [0x00000000d5580000,0x00000000d5580000,0x00000000d5880000)
  from space 512K, 87% used [0x00000000d5980000,0x00000000d59f0000,0x00000000d5a00000)
  to   space 512K, 0% used [0x00000000d5900000,0x00000000d5900000,0x00000000d5980000)
 ParOldGen       total 453632K, used 453127K [0x0000000080000000, 0x000000009bb00000, 0x00000000d5580000)
  object space 453632K, 99% used [0x0000000080000000,0x000000009ba81fc0,0x000000009bb00000)
 Metaspace       used 75941K, committed 77504K, reserved 1179648K
  class space    used 8011K, committed 8704K, reserved 1048576K
}
Event: 132.052 GC heap before
{Heap before GC invocations=542 (full 3):
 PSYoungGen      total 3584K, used 3520K [0x00000000d5580000, 0x00000000d5a00000, 0x0000000100000000)
  eden space 3072K, 100% used [0x00000000d5580000,0x00000000d5880000,0x00000000d5880000)
  from space 512K, 87% used [0x00000000d5980000,0x00000000d59f0000,0x00000000d5a00000)
  to   space 512K, 0% used [0x00000000d5900000,0x00000000d5900000,0x00000000d5980000)
 ParOldGen       total 453632K, used 453301K [0x0000000080000000, 0x000000009bb00000, 0x00000000d5580000)
  object space 453632K, 99% used [0x0000000080000000,0x000000009baad710,0x000000009bb00000)
 Metaspace       used 76130K, committed 77696K, reserved 1179648K
  class space    used 8021K, committed 8704K, reserved 1048576K
}
Event: 132.055 GC heap after
{Heap after GC invocations=542 (full 3):
 PSYoungGen      total 3584K, used 333K [0x00000000d5580000, 0x00000000d5a00000, 0x0000000100000000)
  eden space 3072K, 0% used [0x00000000d5580000,0x00000000d5580000,0x00000000d5880000)
  from space 512K, 65% used [0x00000000d5900000,0x00000000d59535e0,0x00000000d5980000)
  to   space 512K, 0% used [0x00000000d5980000,0x00000000d5980000,0x00000000d5a00000)
 ParOldGen       total 453632K, used 453629K [0x0000000080000000, 0x000000009bb00000, 0x00000000d5580000)
  object space 453632K, 99% used [0x0000000080000000,0x000000009baff710,0x000000009bb00000)
 Metaspace       used 76130K, committed 77696K, reserved 1179648K
  class space    used 8021K, committed 8704K, reserved 1048576K
}
Event: 132.098 GC heap before
{Heap before GC invocations=543 (full 3):
 PSYoungGen      total 3584K, used 3405K [0x00000000d5580000, 0x00000000d5a00000, 0x0000000100000000)
  eden space 3072K, 100% used [0x00000000d5580000,0x00000000d5880000,0x00000000d5880000)
  from space 512K, 65% used [0x00000000d5900000,0x00000000d59535e0,0x00000000d5980000)
  to   space 512K, 0% used [0x00000000d5980000,0x00000000d5980000,0x00000000d5a00000)
 ParOldGen       total 454144K, used 453632K [0x0000000080000000, 0x000000009bb80000, 0x00000000d5580000)
  object space 454144K, 99% used [0x0000000080000000,0x000000009bb00100,0x000000009bb80000)
 Metaspace       used 76156K, committed 77696K, reserved 1179648K
  class space    used 8027K, committed 8704K, reserved 1048576K
}
Event: 132.100 GC heap after
{Heap after GC invocations=543 (full 3):
 PSYoungGen      total 3584K, used 480K [0x00000000d5580000, 0x00000000d5a00000, 0x0000000100000000)
  eden space 3072K, 0% used [0x00000000d5580000,0x00000000d5580000,0x00000000d5880000)
  from space 512K, 93% used [0x00000000d5980000,0x00000000d59f8000,0x00000000d5a00000)
  to   space 512K, 0% used [0x00000000d5900000,0x00000000d5900000,0x00000000d5980000)
 ParOldGen       total 454144K, used 453816K [0x0000000080000000, 0x000000009bb80000, 0x00000000d5580000)
  object space 454144K, 99% used [0x0000000080000000,0x000000009bb2e100,0x000000009bb80000)
 Metaspace       used 76156K, committed 77696K, reserved 1179648K
  class space    used 8027K, committed 8704K, reserved 1048576K
}
Event: 132.121 GC heap before
{Heap before GC invocations=544 (full 3):
 PSYoungGen      total 3584K, used 3551K [0x00000000d5580000, 0x00000000d5a00000, 0x0000000100000000)
  eden space 3072K, 99% used [0x00000000d5580000,0x00000000d587fce0,0x00000000d5880000)
  from space 512K, 93% used [0x00000000d5980000,0x00000000d59f8000,0x00000000d5a00000)
  to   space 512K, 0% used [0x00000000d5900000,0x00000000d5900000,0x00000000d5980000)
 ParOldGen       total 454144K, used 453816K [0x0000000080000000, 0x000000009bb80000, 0x00000000d5580000)
  object space 454144K, 99% used [0x0000000080000000,0x000000009bb2e100,0x000000009bb80000)
 Metaspace       used 76260K, committed 77824K, reserved 1179648K
  class space    used 8031K, committed 8704K, reserved 1048576K
}
Event: 132.124 GC heap after
{Heap after GC invocations=544 (full 3):
 PSYoungGen      total 3584K, used 492K [0x00000000d5580000, 0x00000000d5a80000, 0x0000000100000000)
  eden space 3072K, 0% used [0x00000000d5580000,0x00000000d5580000,0x00000000d5880000)
  from space 512K, 96% used [0x00000000d5900000,0x00000000d597b068,0x00000000d5980000)
  to   space 1024K, 0% used [0x00000000d5980000,0x00000000d5980000,0x00000000d5a80000)
 ParOldGen       total 454656K, used 454203K [0x0000000080000000, 0x000000009bc00000, 0x00000000d5580000)
  object space 454656K, 99% used [0x0000000080000000,0x000000009bb8ee98,0x000000009bc00000)
 Metaspace       used 76260K, committed 77824K, reserved 1179648K
  class space    used 8031K, committed 8704K, reserved 1048576K
}

Dll operation events (14 events):
Event: 0.007 Loaded shared library c:\Users\Administrator\.trae-cn\extensions\redhat.java-1.54.0-win32-x64\jre\21.0.10-win32-x86_64\bin\java.dll
Event: 0.066 Loaded shared library c:\Users\Administrator\.trae-cn\extensions\redhat.java-1.54.0-win32-x64\jre\21.0.10-win32-x86_64\bin\zip.dll
Event: 0.113 Loaded shared library C:\Users\Administrator\.trae-cn\extensions\redhat.java-1.54.0-win32-x64\jre\21.0.10-win32-x86_64\bin\instrument.dll
Event: 0.117 Loaded shared library C:\Users\Administrator\.trae-cn\extensions\redhat.java-1.54.0-win32-x64\jre\21.0.10-win32-x86_64\bin\net.dll
Event: 0.119 Loaded shared library C:\Users\Administrator\.trae-cn\extensions\redhat.java-1.54.0-win32-x64\jre\21.0.10-win32-x86_64\bin\nio.dll
Event: 0.121 Loaded shared library C:\Users\Administrator\.trae-cn\extensions\redhat.java-1.54.0-win32-x64\jre\21.0.10-win32-x86_64\bin\zip.dll
Event: 0.134 Loaded shared library C:\Users\Administrator\.trae-cn\extensions\redhat.java-1.54.0-win32-x64\jre\21.0.10-win32-x86_64\bin\jimage.dll
Event: 0.184 Loaded shared library c:\Users\Administrator\.trae-cn\extensions\redhat.java-1.54.0-win32-x64\jre\21.0.10-win32-x86_64\bin\verify.dll
Event: 1.392 Loaded shared library C:\Users\Administrator\AppData\Roaming\Trae CN\User\globalStorage\redhat.java\1.54.0\config_win\org.eclipse.equinox.launcher\org.eclipse.equinox.launcher.win32.win32.x86_64_1.3.0.v20260203-2149\eclipse_11919.dll
Event: 2.607 Loaded shared library C:\Users\Administrator\.trae-cn\extensions\redhat.java-1.54.0-win32-x64\jre\21.0.10-win32-x86_64\bin\management.dll
Event: 2.610 Loaded shared library C:\Users\Administrator\.trae-cn\extensions\redhat.java-1.54.0-win32-x64\jre\21.0.10-win32-x86_64\bin\management_ext.dll
Event: 4.209 Loaded shared library C:\Users\Administrator\AppData\Local\Temp\jna-146731693\jna17002305266550958976.dll
Event: 4.360 Loaded shared library C:\Users\Administrator\.trae-cn\extensions\redhat.java-1.54.0-win32-x64\jre\21.0.10-win32-x86_64\bin\sunmscapi.dll
Event: 4.941 Loaded shared library C:\Users\Administrator\.trae-cn\extensions\redhat.java-1.54.0-win32-x64\jre\21.0.10-win32-x86_64\bin\extnet.dll

Deoptimization events (20 events):
Event: 131.694 Thread 0x000001d1c97727c0 DEOPT PACKING pc=0x000001d1f6249e4c sp=0x000000a2d9efed80
Event: 131.694 Thread 0x000001d1c97727c0 DEOPT UNPACKING pc=0x000001d1f5693aa2 sp=0x000000a2d9efed90 mode 2
Event: 131.715 Thread 0x000001d1cc212650 Uncommon trap: trap_request=0xffffff45 fr.pc=0x000001d1f6356d2c relative=0x0000000000000a4c
Event: 131.715 Thread 0x000001d1cc212650 Uncommon trap: reason=unstable_if action=reinterpret pc=0x000001d1f6356d2c method=com.google.gson.stream.JsonWriter.string(Ljava/lang/String;)V @ 57 c2
Event: 131.715 Thread 0x000001d1cc212650 DEOPT PACKING pc=0x000001d1f6356d2c sp=0x000000a2d6afd4b0
Event: 131.715 Thread 0x000001d1cc212650 DEOPT UNPACKING pc=0x000001d1f5693aa2 sp=0x000000a2d6afd458 mode 2
Event: 131.718 Thread 0x000001d1c9772130 Uncommon trap: trap_request=0xffffffbe fr.pc=0x000001d1f6249e4c relative=0x0000000000001eac
Event: 131.718 Thread 0x000001d1c9772130 Uncommon trap: reason=profile_predicate action=maybe_recompile pc=0x000001d1f6249e4c method=org.eclipse.core.internal.jobs.JobManager.select(Ljava/lang/Object;I)Ljava/util/List; @ 62 c2
Event: 131.718 Thread 0x000001d1c9772130 DEOPT PACKING pc=0x000001d1f6249e4c sp=0x000000a2da0fe960
Event: 131.718 Thread 0x000001d1c9772130 DEOPT UNPACKING pc=0x000001d1f5693aa2 sp=0x000000a2da0fe970 mode 2
Event: 131.793 Thread 0x000001d1cc212650 Uncommon trap: trap_request=0xffffffde fr.pc=0x000001d1f5e85eb4 relative=0x0000000000000274
Event: 131.793 Thread 0x000001d1cc212650 Uncommon trap: reason=class_check action=maybe_recompile pc=0x000001d1f5e85eb4 method=java.util.Comparator.lambda$comparing$77a9974f$1(Ljava/util/function/Function;Ljava/lang/Object;Ljava/lang/Object;)I @ 7 c2
Event: 131.793 Thread 0x000001d1cc212650 DEOPT PACKING pc=0x000001d1f5e85eb4 sp=0x000000a2d6afd740
Event: 131.793 Thread 0x000001d1cc212650 DEOPT UNPACKING pc=0x000001d1f5693aa2 sp=0x000000a2d6afd670 mode 2
Event: 131.800 Thread 0x000001d1ca5a4f40 DEOPT PACKING pc=0x000001d1f0079d6b sp=0x000000a2d6cfee00
Event: 131.800 Thread 0x000001d1ca5a4f40 DEOPT UNPACKING pc=0x000001d1f5694242 sp=0x000000a2d6cfe2a0 mode 0
Event: 132.012 Thread 0x000001d1cc213a00 Uncommon trap: trap_request=0xffffff45 fr.pc=0x000001d1f674ef28 relative=0x0000000000004e28
Event: 132.012 Thread 0x000001d1cc213a00 Uncommon trap: reason=unstable_if action=reinterpret pc=0x000001d1f674ef28 method=org.eclipse.jdt.internal.compiler.parser.Parser.consumeRule(I)V @ 1 c2
Event: 132.012 Thread 0x000001d1cc213a00 DEOPT PACKING pc=0x000001d1f674ef28 sp=0x000000a2d5afee80
Event: 132.012 Thread 0x000001d1cc213a00 DEOPT UNPACKING pc=0x000001d1f5693aa2 sp=0x000000a2d5afee20 mode 2

Classes loaded (20 events):
Event: 128.535 Loading class java/nio/file/attribute/PosixFileAttributes
Event: 128.535 Loading class java/nio/file/attribute/PosixFileAttributes done
Event: 128.554 Loading class java/nio/file/attribute/PosixFileAttributeView
Event: 128.554 Loading class java/nio/file/attribute/PosixFileAttributeView done
Event: 128.631 Loading class java/nio/file/DirectoryIteratorException
Event: 128.632 Loading class java/nio/file/DirectoryIteratorException done
Event: 128.894 Loading class java/nio/file/FileTreeIterator
Event: 128.895 Loading class java/nio/file/FileTreeIterator done
Event: 131.042 Loading class java/util/concurrent/CompletableFuture$UniApply
Event: 131.043 Loading class java/util/concurrent/CompletableFuture$UniCompletion
Event: 131.043 Loading class java/util/concurrent/CompletableFuture$UniCompletion done
Event: 131.043 Loading class java/util/concurrent/CompletableFuture$UniApply done
Event: 131.044 Loading class java/util/concurrent/CompletableFuture$UniAccept
Event: 131.044 Loading class java/util/concurrent/CompletableFuture$UniAccept done
Event: 131.044 Loading class java/util/concurrent/CompletableFuture$UniExceptionally
Event: 131.044 Loading class java/util/concurrent/CompletableFuture$UniExceptionally done
Event: 131.694 Loading class java/util/concurrent/CompletionException
Event: 131.694 Loading class java/util/concurrent/CompletionException done
Event: 132.125 Loading class java/lang/UnsupportedClassVersionError
Event: 132.125 Loading class java/lang/UnsupportedClassVersionError done

Classes unloaded (20 events):
Event: 3.339 Thread 0x000001d1fdf81120 Unloading class 0x000001d1851b0800 'java/lang/invoke/LambdaForm$DMH+0x000001d1851b0800'
Event: 4.562 Thread 0x000001d1fdf81120 Unloading class 0x000001d185322400 'java/lang/invoke/LambdaForm$MH+0x000001d185322400'
Event: 4.562 Thread 0x000001d1fdf81120 Unloading class 0x000001d185321c00 'java/lang/invoke/LambdaForm$MH+0x000001d185321c00'
Event: 4.562 Thread 0x000001d1fdf81120 Unloading class 0x000001d185321400 'java/lang/invoke/LambdaForm$MH+0x000001d185321400'
Event: 4.562 Thread 0x000001d1fdf81120 Unloading class 0x000001d185320c00 'java/lang/invoke/LambdaForm$MH+0x000001d185320c00'
Event: 4.562 Thread 0x000001d1fdf81120 Unloading class 0x000001d185320000 'java/lang/invoke/LambdaForm$DMH+0x000001d185320000'
Event: 4.562 Thread 0x000001d1fdf81120 Unloading class 0x000001d18531d800 'java/lang/invoke/LambdaForm$MH+0x000001d18531d800'
Event: 4.562 Thread 0x000001d1fdf81120 Unloading class 0x000001d18531a400 'java/lang/invoke/LambdaForm$MH+0x000001d18531a400'
Event: 4.562 Thread 0x000001d1fdf81120 Unloading class 0x000001d185319800 'java/lang/invoke/LambdaForm$MH+0x000001d185319800'
Event: 4.562 Thread 0x000001d1fdf81120 Unloading class 0x000001d185319000 'java/lang/invoke/LambdaForm$MH+0x000001d185319000'
Event: 4.562 Thread 0x000001d1fdf81120 Unloading class 0x000001d185318c00 'java/lang/invoke/LambdaForm$MH+0x000001d185318c00'
Event: 4.562 Thread 0x000001d1fdf81120 Unloading class 0x000001d185318400 'java/lang/invoke/LambdaForm$MH+0x000001d185318400'
Event: 4.562 Thread 0x000001d1fdf81120 Unloading class 0x000001d185311800 'java/lang/invoke/LambdaForm$MH+0x000001d185311800'
Event: 4.562 Thread 0x000001d1fdf81120 Unloading class 0x000001d185311400 'java/lang/invoke/LambdaForm$MH+0x000001d185311400'
Event: 105.398 Thread 0x000001d1fdf81120 Unloading class 0x000001d185638000 'java/lang/invoke/LambdaForm$DMH+0x000001d185638000'
Event: 105.398 Thread 0x000001d1fdf81120 Unloading class 0x000001d185635400 'java/lang/invoke/LambdaForm$DMH+0x000001d185635400'
Event: 105.398 Thread 0x000001d1fdf81120 Unloading class 0x000001d185635800 'java/lang/invoke/LambdaForm$DMH+0x000001d185635800'
Event: 105.398 Thread 0x000001d1fdf81120 Unloading class 0x000001d185634400 'java/lang/invoke/LambdaForm$DMH+0x000001d185634400'
Event: 105.398 Thread 0x000001d1fdf81120 Unloading class 0x000001d185634800 'java/lang/invoke/LambdaForm$DMH+0x000001d185634800'
Event: 105.398 Thread 0x000001d1fdf81120 Unloading class 0x000001d185635000 'java/lang/invoke/LambdaForm$DMH+0x000001d185635000'

Classes redefined (0 events):
No events

Internal exceptions (20 events):
Event: 130.627 Thread 0x000001d1ca5a4f40 Exception <a 'sun/nio/fs/WindowsException'{0x00000000d582aa18}> (0x00000000d582aa18) 
thrown [s\src\hotspot\share\prims\jni.cpp, line 520]
Event: 131.039 Thread 0x000001d1ca5a4f40 Exception <a 'sun/nio/fs/WindowsException'{0x00000000d57124b0}> (0x00000000d57124b0) 
thrown [s\src\hotspot\share\prims\jni.cpp, line 520]
Event: 131.061 Thread 0x000001d1cc210580 Implicit null exception at 0x000001d1f66cdd69 to 0x000001d1f66ce594
Event: 131.608 Thread 0x000001d1cc210580 Exception <a 'sun/nio/fs/WindowsException'{0x00000000d5818740}> (0x00000000d5818740) 
thrown [s\src\hotspot\share\prims\jni.cpp, line 520]
Event: 131.608 Thread 0x000001d1cc210580 Exception <a 'sun/nio/fs/WindowsException'{0x00000000d5818c98}> (0x00000000d5818c98) 
thrown [s\src\hotspot\share\prims\jni.cpp, line 520]
Event: 131.609 Thread 0x000001d1cc210580 Exception <a 'sun/nio/fs/WindowsException'{0x00000000d581bc88}> (0x00000000d581bc88) 
thrown [s\src\hotspot\share\prims\jni.cpp, line 520]
Event: 131.609 Thread 0x000001d1cc210580 Exception <a 'sun/nio/fs/WindowsException'{0x00000000d581c1e0}> (0x00000000d581c1e0) 
thrown [s\src\hotspot\share\prims\jni.cpp, line 520]
Event: 131.618 Thread 0x000001d1cc210580 Exception <a 'java/lang/IncompatibleClassChangeError'{0x00000000d55c4080}: Found class java.lang.Object, but interface was expected> (0x00000000d55c4080) 
thrown [s\src\hotspot\share\interpreter\linkResolver.cpp, line 840]
Event: 131.629 Thread 0x000001d1cc210580 Exception <a 'java/lang/IncompatibleClassChangeError'{0x00000000d567a5d0}: Found class java.lang.Object, but interface was expected> (0x00000000d567a5d0) 
thrown [s\src\hotspot\share\interpreter\linkResolver.cpp, line 840]
Event: 131.690 Thread 0x000001d1cc210580 Exception <a 'java/lang/IncompatibleClassChangeError'{0x00000000d56f4e28}: Found class java.lang.Object, but interface was expected> (0x00000000d56f4e28) 
thrown [s\src\hotspot\share\interpreter\linkResolver.cpp, line 840]
Event: 131.692 Thread 0x000001d1cc210580 Exception <a 'java/lang/IncompatibleClassChangeError'{0x00000000d57191b0}: Found class java.lang.Object, but interface was expected> (0x00000000d57191b0) 
thrown [s\src\hotspot\share\interpreter\linkResolver.cpp, line 840]
Event: 131.756 Thread 0x000001d1cc212650 Exception <a 'sun/nio/fs/WindowsException'{0x00000000d55d4230}> (0x00000000d55d4230) 
thrown [s\src\hotspot\share\prims\jni.cpp, line 520]
Event: 131.756 Thread 0x000001d1cc212650 Exception <a 'sun/nio/fs/WindowsException'{0x00000000d55d4ae8}> (0x00000000d55d4ae8) 
thrown [s\src\hotspot\share\prims\jni.cpp, line 520]
Event: 131.757 Thread 0x000001d1cc212650 Exception <a 'sun/nio/fs/WindowsException'{0x00000000d55d5ef0}> (0x00000000d55d5ef0) 
thrown [s\src\hotspot\share\prims\jni.cpp, line 520]
Event: 131.758 Thread 0x000001d1cc212650 Exception <a 'sun/nio/fs/WindowsException'{0x00000000d566a0c8}> (0x00000000d566a0c8) 
thrown [s\src\hotspot\share\prims\jni.cpp, line 520]
Event: 131.768 Thread 0x000001d1cc212650 Exception <a 'sun/nio/fs/WindowsException'{0x00000000d5841fa0}> (0x00000000d5841fa0) 
thrown [s\src\hotspot\share\prims\jni.cpp, line 520]
Event: 131.768 Thread 0x000001d1cc212650 Exception <a 'sun/nio/fs/WindowsException'{0x00000000d5842858}> (0x00000000d5842858) 
thrown [s\src\hotspot\share\prims\jni.cpp, line 520]
Event: 131.817 Thread 0x000001d1cc212650 Exception <a 'sun/nio/fs/WindowsException'{0x00000000d559dea0}> (0x00000000d559dea0) 
thrown [s\src\hotspot\share\prims\jni.cpp, line 520]
Event: 131.818 Thread 0x000001d1cc212650 Exception <a 'sun/nio/fs/WindowsException'{0x00000000d559e758}> (0x00000000d559e758) 
thrown [s\src\hotspot\share\prims\jni.cpp, line 520]
Event: 132.024 Thread 0x000001d1cc213a00 Exception <a 'java/lang/NoSuchMethodError'{0x00000000d55ef518}: 'java.lang.Object java.lang.invoke.DirectMethodHandle$Holder.invokeSpecial(java.lang.Object, java.lang.Object, int, long)'> (0x00000000d55ef518) 
thrown [s\src\hotspot\share\interpreter\linkResolver.cpp, line 773]

ZGC Phase Switch (0 events):
No events

VM Operations (20 events):
Event: 131.902 Executing safepoint VM operation: ParallelGCFailedAllocation (Allocation Failure) done
Event: 131.920 Executing safepoint VM operation: ParallelGCFailedAllocation (Allocation Failure)
Event: 131.925 Executing safepoint VM operation: ParallelGCFailedAllocation (Allocation Failure) done
Event: 131.939 Executing safepoint VM operation: ParallelGCFailedAllocation (Allocation Failure)
Event: 131.942 Executing safepoint VM operation: ParallelGCFailedAllocation (Allocation Failure) done
Event: 131.972 Executing safepoint VM operation: ParallelGCFailedAllocation (Allocation Failure)
Event: 131.975 Executing safepoint VM operation: ParallelGCFailedAllocation (Allocation Failure) done
Event: 132.017 Executing safepoint VM operation: ParallelGCFailedAllocation (Allocation Failure)
Event: 132.020 Executing safepoint VM operation: ParallelGCFailedAllocation (Allocation Failure) done
Event: 132.034 Executing safepoint VM operation: ParallelGCFailedAllocation (Allocation Failure)
Event: 132.037 Executing safepoint VM operation: ParallelGCFailedAllocation (Allocation Failure) done
Event: 132.049 Executing safepoint VM operation: ParallelGCFailedAllocation (Allocation Failure)
Event: 132.049 Executing safepoint VM operation: ParallelGCFailedAllocation (Allocation Failure) done
Event: 132.052 Executing safepoint VM operation: ParallelGCSystemGC (GCLocker Initiated GC)
Event: 132.055 Executing safepoint VM operation: ParallelGCSystemGC (GCLocker Initiated GC) done
Event: 132.093 Executing safepoint VM operation: ParallelGCFailedAllocation (Allocation Failure)
Event: 132.100 Executing safepoint VM operation: ParallelGCFailedAllocation (Allocation Failure) done
Event: 132.118 Executing safepoint VM operation: ParallelGCFailedAllocation (Allocation Failure)
Event: 132.124 Executing safepoint VM operation: ParallelGCFailedAllocation (Allocation Failure) done
Event: 132.136 Executing safepoint VM operation: ParallelGCFailedAllocation (Allocation Failure)

Memory protections (0 events):
No events

Nmethod flushes (20 events):
Event: 105.417 Thread 0x000001d1fdf81120 flushing  nmethod 0x000001d1eea39510
Event: 105.417 Thread 0x000001d1fdf81120 flushing  nmethod 0x000001d1eea43510
Event: 105.417 Thread 0x000001d1fdf81120 flushing  nmethod 0x000001d1eea5b810
Event: 105.417 Thread 0x000001d1fdf81120 flushing  nmethod 0x000001d1eea65990
Event: 105.417 Thread 0x000001d1fdf81120 flushing  nmethod 0x000001d1eea69c90
Event: 105.417 Thread 0x000001d1fdf81120 flushing  nmethod 0x000001d1eea6b510
Event: 105.417 Thread 0x000001d1fdf81120 flushing  nmethod 0x000001d1eea6bc10
Event: 105.417 Thread 0x000001d1fdf81120 flushing  nmethod 0x000001d1eea6c210
Event: 105.417 Thread 0x000001d1fdf81120 flushing  nmethod 0x000001d1eea6ca90
Event: 105.417 Thread 0x000001d1fdf81120 flushing  nmethod 0x000001d1eea6ce10
Event: 105.417 Thread 0x000001d1fdf81120 flushing  nmethod 0x000001d1eea6f490
Event: 105.417 Thread 0x000001d1fdf81120 flushing  nmethod 0x000001d1eea77990
Event: 105.417 Thread 0x000001d1fdf81120 flushing  nmethod 0x000001d1eea88110
Event: 105.417 Thread 0x000001d1fdf81120 flushing  nmethod 0x000001d1eea89890
Event: 105.417 Thread 0x000001d1fdf81120 flushing  nmethod 0x000001d1eea92d90
Event: 105.417 Thread 0x000001d1fdf81120 flushing  nmethod 0x000001d1eeaa6710
Event: 105.417 Thread 0x000001d1fdf81120 flushing  nmethod 0x000001d1eeaeca10
Event: 105.417 Thread 0x000001d1fdf81120 flushing  nmethod 0x000001d1eeaf7a90
Event: 105.417 Thread 0x000001d1fdf81120 flushing  nmethod 0x000001d1eeb1a790
Event: 105.417 Thread 0x000001d1fdf81120 flushing  nmethod 0x000001d1eeb24110

Events (20 events):
Event: 118.979 Thread 0x000001d1cc213a00 Thread added: 0x000001d1cadb3410
Event: 119.028 Thread 0x000001d1cc213a00 Thread added: 0x000001d1cadb3aa0
Event: 122.225 Thread 0x000001d1caa3f7a0 Thread exited: 0x000001d1caa3f7a0
Event: 122.523 Thread 0x000001d1caa3f0d0 Thread exited: 0x000001d1caa3f0d0
Event: 123.668 Thread 0x000001d1fdfb02f0 Thread added: 0x000001d1c9353340
Event: 123.925 Thread 0x000001d1c9353340 Thread exited: 0x000001d1c9353340
Event: 125.088 Thread 0x000001d1fdfb02f0 Thread added: 0x000001d1cd82a860
Event: 125.088 Thread 0x000001d1fdfb02f0 Thread added: 0x000001d1cd82af30
Event: 125.259 Thread 0x000001d1cd82af30 Thread exited: 0x000001d1cd82af30
Event: 125.480 Thread 0x000001d1cd82a860 Thread exited: 0x000001d1cd82a860
Event: 126.581 Thread 0x000001d1fdfb02f0 Thread added: 0x000001d1c9353340
Event: 127.708 Thread 0x000001d1c9353340 Thread exited: 0x000001d1c9353340
Event: 128.486 Thread 0x000001d1fdfb2940 Thread added: 0x000001d1caa3f0d0
Event: 128.486 Thread 0x000001d1fdfb2940 Thread added: 0x000001d1caa3f7a0
Event: 128.886 Thread 0x000001d1ca5a4f40 Thread added: 0x000001d1c9770d80
Event: 130.927 Thread 0x000001d1c9770d80 Thread added: 0x000001d1c97706f0
Event: 131.045 Thread 0x000001d1cc210580 Thread added: 0x000001d1c97727c0
Event: 131.046 Thread 0x000001d1cc210580 Thread added: 0x000001d1c9771aa0
Event: 131.693 Thread 0x000001d1c97727c0 Thread added: 0x000001d1c9772130
Event: 131.718 Thread 0x000001d1cc210580 Thread added: 0x000001d1c976f340


Dynamic libraries:
0x00007ff674700000 - 0x00007ff67470e000 	c:\Users\Administrator\.trae-cn\extensions\redhat.java-1.54.0-win32-x64\jre\21.0.10-win32-x86_64\bin\java.exe
0x00007ff8e23f0000 - 0x00007ff8e25e8000 	C:\windows\SYSTEM32\ntdll.dll
0x00007ff8e1580000 - 0x00007ff8e163f000 	C:\windows\System32\KERNEL32.DLL
0x00007ff8dfc70000 - 0x00007ff8dff42000 	C:\windows\System32\KERNELBASE.dll
0x00007ff8e00d0000 - 0x00007ff8e01d0000 	C:\windows\System32\ucrtbase.dll
0x00007ff8d8090000 - 0x00007ff8d80a8000 	c:\Users\Administrator\.trae-cn\extensions\redhat.java-1.54.0-win32-x64\jre\21.0.10-win32-x86_64\bin\jli.dll
0x00007ff8d8070000 - 0x00007ff8d808e000 	c:\Users\Administrator\.trae-cn\extensions\redhat.java-1.54.0-win32-x64\jre\21.0.10-win32-x86_64\bin\VCRUNTIME140.dll
0x00007ff8e1760000 - 0x00007ff8e1901000 	C:\windows\System32\USER32.dll
0x00007ff8cf640000 - 0x00007ff8cf8da000 	C:\windows\WinSxS\amd64_microsoft.windows.common-controls_6595b64144ccf1df_6.0.19041.1110_none_60b5254171f9507e\COMCTL32.dll
0x00007ff8dfc40000 - 0x00007ff8dfc62000 	C:\windows\System32\win32u.dll
0x00007ff8e0500000 - 0x00007ff8e052b000 	C:\windows\System32\GDI32.dll
0x00007ff8e0460000 - 0x00007ff8e04fe000 	C:\windows\System32\msvcrt.dll
0x00007ff8dffc0000 - 0x00007ff8e00cf000 	C:\windows\System32\gdi32full.dll
0x00007ff8dfba0000 - 0x00007ff8dfc3d000 	C:\windows\System32\msvcp_win.dll
0x00007ff8e1dc0000 - 0x00007ff8e1df0000 	C:\windows\System32\IMM32.DLL
0x00007ff8d7e60000 - 0x00007ff8d7e6c000 	c:\Users\Administrator\.trae-cn\extensions\redhat.java-1.54.0-win32-x64\jre\21.0.10-win32-x86_64\bin\vcruntime140_1.dll
0x00007ff8d7dd0000 - 0x00007ff8d7e5d000 	c:\Users\Administrator\.trae-cn\extensions\redhat.java-1.54.0-win32-x64\jre\21.0.10-win32-x86_64\bin\msvcp140.dll
0x00007ff8844f0000 - 0x00007ff885291000 	c:\Users\Administrator\.trae-cn\extensions\redhat.java-1.54.0-win32-x64\jre\21.0.10-win32-x86_64\bin\server\jvm.dll
0x00007ff8e1aa0000 - 0x00007ff8e1b4e000 	C:\windows\System32\ADVAPI32.dll
0x00007ff8e1d20000 - 0x00007ff8e1dbc000 	C:\windows\System32\sechost.dll
0x00007ff8e1910000 - 0x00007ff8e1a34000 	C:\windows\System32\RPCRT4.dll
0x00007ff8e1bd0000 - 0x00007ff8e1c3b000 	C:\windows\System32\WS2_32.dll
0x00007ff8df960000 - 0x00007ff8df9ab000 	C:\windows\SYSTEM32\POWRPROF.dll
0x00007ff8d76b0000 - 0x00007ff8d76ba000 	C:\windows\SYSTEM32\VERSION.dll
0x00007ff8d4ec0000 - 0x00007ff8d4ee7000 	C:\windows\SYSTEM32\WINMM.dll
0x00007ff8df940000 - 0x00007ff8df952000 	C:\windows\SYSTEM32\UMPDC.dll
0x00007ff8dd8d0000 - 0x00007ff8dd8e2000 	C:\windows\SYSTEM32\kernel.appcore.dll
0x00007ff8d7dc0000 - 0x00007ff8d7dca000 	c:\Users\Administrator\.trae-cn\extensions\redhat.java-1.54.0-win32-x64\jre\21.0.10-win32-x86_64\bin\jimage.dll
0x00007ff8cac70000 - 0x00007ff8cae54000 	C:\windows\SYSTEM32\DBGHELP.DLL
0x00007ff8caa70000 - 0x00007ff8caaa5000 	C:\windows\SYSTEM32\dbgcore.DLL
0x00007ff8e01d0000 - 0x00007ff8e0252000 	C:\windows\System32\bcryptPrimitives.dll
0x00007ff8d7db0000 - 0x00007ff8d7dbf000 	c:\Users\Administrator\.trae-cn\extensions\redhat.java-1.54.0-win32-x64\jre\21.0.10-win32-x86_64\bin\instrument.dll
0x00007ff8d7d60000 - 0x00007ff8d7d80000 	c:\Users\Administrator\.trae-cn\extensions\redhat.java-1.54.0-win32-x64\jre\21.0.10-win32-x86_64\bin\java.dll
0x00007ff8e0d80000 - 0x00007ff8e14c5000 	C:\windows\System32\SHELL32.dll
0x00007ff8ddbb0000 - 0x00007ff8de342000 	C:\windows\SYSTEM32\windows.storage.dll
0x00007ff8e1df0000 - 0x00007ff8e2145000 	C:\windows\System32\combase.dll
0x00007ff8df470000 - 0x00007ff8df4a0000 	C:\windows\SYSTEM32\Wldp.dll
0x00007ff8e14d0000 - 0x00007ff8e157d000 	C:\windows\System32\SHCORE.dll
0x00007ff8e09a0000 - 0x00007ff8e09f5000 	C:\windows\System32\shlwapi.dll
0x00007ff8dfa30000 - 0x00007ff8dfa4f000 	C:\windows\SYSTEM32\profapi.dll
0x00007ff8d7d40000 - 0x00007ff8d7d58000 	c:\Users\Administrator\.trae-cn\extensions\redhat.java-1.54.0-win32-x64\jre\21.0.10-win32-x86_64\bin\zip.dll
0x00007ff8d7da0000 - 0x00007ff8d7db0000 	C:\Users\Administrator\.trae-cn\extensions\redhat.java-1.54.0-win32-x64\jre\21.0.10-win32-x86_64\bin\net.dll
0x00007ff8d98b0000 - 0x00007ff8d99ba000 	C:\windows\SYSTEM32\WINHTTP.dll
0x00007ff8df1d0000 - 0x00007ff8df23a000 	C:\windows\system32\mswsock.dll
0x00007ff8cf5c0000 - 0x00007ff8cf5d6000 	C:\Users\Administrator\.trae-cn\extensions\redhat.java-1.54.0-win32-x64\jre\21.0.10-win32-x86_64\bin\nio.dll
0x00007ff8d7d30000 - 0x00007ff8d7d40000 	c:\Users\Administrator\.trae-cn\extensions\redhat.java-1.54.0-win32-x64\jre\21.0.10-win32-x86_64\bin\verify.dll
0x00007ff8cc550000 - 0x00007ff8cc595000 	C:\Users\Administrator\AppData\Roaming\Trae CN\User\globalStorage\redhat.java\1.54.0\config_win\org.eclipse.equinox.launcher\org.eclipse.equinox.launcher.win32.win32.x86_64_1.3.0.v20260203-2149\eclipse_11919.dll
0x00007ff8e0c50000 - 0x00007ff8e0d7a000 	C:\windows\System32\ole32.dll
0x00007ff8d7c40000 - 0x00007ff8d7c4a000 	C:\Users\Administrator\.trae-cn\extensions\redhat.java-1.54.0-win32-x64\jre\21.0.10-win32-x86_64\bin\management.dll
0x00007ff8d76c0000 - 0x00007ff8d76cc000 	C:\Users\Administrator\.trae-cn\extensions\redhat.java-1.54.0-win32-x64\jre\21.0.10-win32-x86_64\bin\management_ext.dll
0x00007ff8e1b50000 - 0x00007ff8e1b58000 	C:\windows\System32\PSAPI.DLL
0x00007ff8df3c0000 - 0x00007ff8df3d8000 	C:\windows\SYSTEM32\CRYPTSP.dll
0x00007ff8deaf0000 - 0x00007ff8deb24000 	C:\windows\system32\rsaenh.dll
0x00007ff8e0260000 - 0x00007ff8e0287000 	C:\windows\System32\bcrypt.dll
0x00007ff8df9f0000 - 0x00007ff8dfa1e000 	C:\windows\SYSTEM32\USERENV.dll
0x00007ff8df3e0000 - 0x00007ff8df3ec000 	C:\windows\SYSTEM32\CRYPTBASE.dll
0x00007ff8deec0000 - 0x00007ff8deefb000 	C:\windows\SYSTEM32\IPHLPAPI.DLL
0x00007ff8e1b60000 - 0x00007ff8e1b68000 	C:\windows\System32\NSI.dll
0x00007ff8cc0e0000 - 0x00007ff8cc129000 	C:\Users\Administrator\AppData\Local\Temp\jna-146731693\jna17002305266550958976.dll
0x00007ff8d9bd0000 - 0x00007ff8d9be7000 	C:\windows\SYSTEM32\dhcpcsvc6.DLL
0x00007ff8d9ee0000 - 0x00007ff8d9efd000 	C:\windows\SYSTEM32\dhcpcsvc.DLL
0x00007ff8d4900000 - 0x00007ff8d490e000 	C:\Users\Administrator\.trae-cn\extensions\redhat.java-1.54.0-win32-x64\jre\21.0.10-win32-x86_64\bin\sunmscapi.dll
0x00007ff8e0290000 - 0x00007ff8e03e6000 	C:\windows\System32\CRYPT32.dll
0x00007ff8df4e0000 - 0x00007ff8df507000 	C:\windows\SYSTEM32\ncrypt.dll
0x00007ff8df4a0000 - 0x00007ff8df4db000 	C:\windows\SYSTEM32\NTASN1.dll
0x00007ff8def00000 - 0x00007ff8defcb000 	C:\windows\SYSTEM32\DNSAPI.dll
0x000000006fb70000 - 0x000000006fb96000 	C:\Program Files\Bonjour\mdnsNSP.dll
0x00007ff8d7fc0000 - 0x00007ff8d7fca000 	C:\Windows\System32\rasadhlp.dll
0x00007ff8d7bc0000 - 0x00007ff8d7c40000 	C:\windows\System32\fwpuclnt.dll
0x00007ff8cf5b0000 - 0x00007ff8cf5b9000 	C:\Users\Administrator\.trae-cn\extensions\redhat.java-1.54.0-win32-x64\jre\21.0.10-win32-x86_64\bin\extnet.dll

JVMTI agents:
c:\Users\Administrator\.trae-cn\extensions\redhat.java-1.54.0-win32-x64\lombok\lombok-1.18.39-4050.jar path:c:\Users\Administrator\.trae-cn\extensions\redhat.java-1.54.0-win32-x64\jre\21.0.10-win32-x86_64\bin\instrument.dll, loaded, initialized, instrumentlib options:none

dbghelp: loaded successfully - version: 4.0.5 - missing functions: none
symbol engine: initialized successfully - sym options: 0x614 - pdb path: .;c:\Users\Administrator\.trae-cn\extensions\redhat.java-1.54.0-win32-x64\jre\21.0.10-win32-x86_64\bin;C:\windows\SYSTEM32;C:\windows\WinSxS\amd64_microsoft.windows.common-controls_6595b64144ccf1df_6.0.19041.1110_none_60b5254171f9507e;c:\Users\Administrator\.trae-cn\extensions\redhat.java-1.54.0-win32-x64\jre\21.0.10-win32-x86_64\bin\server;C:\Users\Administrator\AppData\Roaming\Trae CN\User\globalStorage\redhat.java\1.54.0\config_win\org.eclipse.equinox.launcher\org.eclipse.equinox.launcher.win32.win32.x86_64_1.3.0.v20260203-2149;C:\Users\Administrator\AppData\Local\Temp\jna-146731693;C:\Program Files\Bonjour

VM Arguments:
jvm_args: --add-modules=ALL-SYSTEM --add-opens=java.base/java.util=ALL-UNNAMED --add-opens=java.base/java.lang=ALL-UNNAMED --add-opens=java.base/sun.nio.fs=ALL-UNNAMED -Declipse.application=org.eclipse.jdt.ls.core.id1 -Dosgi.bundles.defaultStartLevel=4 -Declipse.product=org.eclipse.jdt.ls.core.product -Djava.import.generatesMetadataFilesAtProjectRoot=false -DDetectVMInstallationsJob.disabled=true -Dfile.encoding=utf8 -XX:+UseParallelGC -XX:GCTimeRatio=4 -XX:AdaptiveSizePolicyWeight=90 -Dsun.zip.disableMemoryMapping=true -Xmx2G -Xms100m -Xlog:disable -javaagent:c:\Users\Administrator\.trae-cn\extensions\redhat.java-1.54.0-win32-x64\lombok\lombok-1.18.39-4050.jar -XX:+HeapDumpOnOutOfMemoryError -XX:HeapDumpPath=c:\Users\Administrator\AppData\Roaming\Trae CN\User\workspaceStorage\543fc66206ec371e1912eed0bcbd943b\redhat.java -Daether.dependencyCollector.impl=bf 
java_command: c:\Users\Administrator\.trae-cn\extensions\redhat.java-1.54.0-win32-x64\server\plugins\org.eclipse.equinox.launcher_1.7.100.v20251111-0406.jar -configuration c:\Users\Administrator\AppData\Roaming\Trae CN\User\globalStorage\redhat.java\1.54.0\config_win -data c:\Users\Administrator\AppData\Roaming\Trae CN\User\workspaceStorage\543fc66206ec371e1912eed0bcbd943b\redhat.java\jdt_ws --pipe=\\.\pipe\lsp-527dc73a44e88f05fe084ce6e1e69b16-sock
java_class_path (initial): c:\Users\Administrator\.trae-cn\extensions\redhat.java-1.54.0-win32-x64\server\plugins\org.eclipse.equinox.launcher_1.7.100.v20251111-0406.jar
Launcher Type: SUN_STANDARD

[Global flags]
    uintx AdaptiveSizePolicyWeight                 = 90                                        {product} {command line}
     intx CICompilerCount                          = 4                                         {product} {ergonomic}
    uintx GCTimeRatio                              = 4                                         {product} {command line}
     bool HeapDumpOnOutOfMemoryError               = true                                   {manageable} {command line}
    ccstr HeapDumpPath                             = c:\Users\Administrator\AppData\Roaming\Trae CN\User\workspaceStorage\543fc66206ec371e1912eed0bcbd943b\redhat.java         {manageable} {command line}
   size_t InitialHeapSize                          = 104857600                                 {product} {command line}
   size_t MaxHeapSize                              = 2147483648                                {product} {command line}
   size_t MaxNewSize                               = 715653120                                 {product} {ergonomic}
   size_t MinHeapDeltaBytes                        = 524288                                    {product} {ergonomic}
   size_t MinHeapSize                              = 104857600                                 {product} {command line}
   size_t NewSize                                  = 34603008                                  {product} {ergonomic}
    uintx NonNMethodCodeHeapSize                   = 5839372                                {pd product} {ergonomic}
    uintx NonProfiledCodeHeapSize                  = 122909434                              {pd product} {ergonomic}
   size_t OldSize                                  = 70254592                                  {product} {ergonomic}
    uintx ProfiledCodeHeapSize                     = 122909434                              {pd product} {ergonomic}
    uintx ReservedCodeCacheSize                    = 251658240                              {pd product} {ergonomic}
     bool SegmentedCodeCache                       = true                                      {product} {ergonomic}
   size_t SoftMaxHeapSize                          = 2147483648                             {manageable} {ergonomic}
     bool UseCompressedOops                        = true                           {product lp64_product} {ergonomic}
     bool UseLargePagesIndividualAllocation        = false                                  {pd product} {ergonomic}
     bool UseParallelGC                            = true                                      {product} {command line}

Logging:
Log output configuration:
 #0: stdout all=off uptime,level,tags foldmultilines=false
 #1: stderr all=off uptime,level,tags foldmultilines=false

Release file:
JAVA_VERSION="21.0.10" 
MODULES="java.base java.compiler java.datatransfer java.xml java.prefs java.desktop java.instrument java.logging java.management java.security.sasl java.naming java.rmi java.management.rmi java.net.http java.scripting java.security.jgss java.transaction.xa java.sql java.sql.rowset java.xml.crypto java.se java.smartcardio jdk.accessibility jdk.internal.jvmstat jdk.attach jdk.charsets jdk.internal.opt jdk.zipfs jdk.compiler jdk.crypto.ec jdk.crypto.cryptoki jdk.crypto.mscapi jdk.dynalink jdk.internal.ed jdk.editpad jdk.hotspot.agent jdk.httpserver jdk.internal.le jdk.internal.vm.ci jdk.internal.vm.compiler jdk.internal.vm.compiler.management jdk.jartool jdk.javadoc jdk.jcmd jdk.management jdk.management.agent jdk.jconsole jdk.jdeps jdk.jdwp.agent jdk.jdi jdk.jfr jdk.jshell jdk.jsobject jdk.jstatd jdk.localedata jdk.management.jfr jdk.naming.dns jdk.naming.rmi jdk.net jdk.nio.mapmode jdk.random jdk.sctp jdk.security.auth jdk.security.jgss jdk.unsupported jdk.unsupported.desktop jdk.xml.dom" 

Environment Variables:
JAVA_HOME=D:\Java\jdk1.8.0_152
PATH=C:\Users\Administrator\.trae-cn\tools\gradle\latest\bin;c:\Users\Administrator\.trae-cn\tools\trae-gopls\current;c:\Users\Administrator\.trae-cn\sdks\workspaces\543fc662\versions\node\current;c:\Users\Administrator\.trae-cn\sdks\versions\node\current;C:\windows\system32;C:\windows;C:\windows\System32\Wbem;C:\windows\System32\WindowsPowerShell\v1.0\;C:\windows\System32\OpenSSH\;C:\Program Files (x86)\Yozosoft\Yozo_Office\Lib\xuggler\bin;C:\Program Files (x86)\NVIDIA Corporation\PhysX\Common;D:\Program Files\Git\cmd;C:\Users\Administrator\AppData\Local\Android\Sdk\platform-tools;C:\Users\Administrator\AppData\Local\Microsoft\WindowsApps;D:\Java\jdk1.8.0_152\bin;D:\Program Files\Git\bin;D:\develope\Microsoft VS Code\bin;D:\flutter\flutter\bin;;d:\Users\Administrator\AppData\Local\Programs\Trae CN\resources\app\bin\lib
USERNAME=Administrator
OS=Windows_NT
PROCESSOR_IDENTIFIER=Intel64 Family 6 Model 60 Stepping 3, GenuineIntel
TMP=C:\Users\ADMINI~1\AppData\Local\Temp
TEMP=C:\Users\ADMINI~1\AppData\Local\Temp




Periodic native trim disabled

---------------  S Y S T E M  ---------------

OS:
 Windows 10 , 64 bit Build 19041 (10.0.19041.2546)
OS uptime: 0 days 16:09 hours

CPU: total 8 (initial active 8) (4 cores per cpu, 2 threads per core) family 6 model 60 stepping 3 microcode 0x27, cx8, cmov, fxsr, ht, mmx, sse, sse2, sse3, ssse3, sse4.1, sse4.2, popcnt, lzcnt, tsc, tscinvbit, avx, avx2, aes, erms, clmul, bmi1, bmi2, fma, vzeroupper, clflush, rdtscp, f16c
Processor Information for the first 8 processors :
  Max Mhz: 2501, Current Mhz: 2501, Mhz Limit: 2501

Memory: 4k page, system-wide physical 8016M (791M free)
TotalPageFile size 32592M (AvailPageFile size 3M)
current process WorkingSet (physical memory assigned to process): 885M, peak: 885M
current process commit charge ("private bytes"): 913M, peak: 913M

vm_info: OpenJDK 64-Bit Server VM (21.0.10+7-LTS) for windows-amd64 JRE (21.0.10+7-LTS), built on 2026-01-20T00:00:00Z by "admin" with MS VC++ 17.12 (VS2022)

END.
